[08Sep2026 16:57:50.083] [main/INFO] [cpw.mods.modlauncher.Launcher/MODLAUNCHER]: ModLauncher running: args [--launchTarget, forgeclientdev, --version, 21.1.249, --assetIndex, 17, --assetsDir, C:\\Users\\Owner\\.gradle\\caches\\neoformruntime\\assets, --gameDir, ., --fml.fmlVersion, 4.0.44, --fml.mcVersion, 1.21.1, --fml.neoForgeVersion, 21.1.249, --fml.neoFormVersion, 20240808.144430]
[08Sep2026 16:57:50.088] [main/INFO] [cpw.mods.modlauncher.Launcher/MODLAUNCHER]: JVM identified as Eclipse Adoptium OpenJDK 64-Bit Server VM 21.0.12.1+1-LTS
[08Sep2026 16:57:50.090] [main/INFO] [cpw.mods.modlauncher.Launcher/MODLAUNCHER]: ModLauncher 11.0.5+main.901c6ea8 starting: java version 21.0.12.1 by Eclipse Adoptium; OS Windows 11 arch amd64 version 10.0
[08Sep2026 16:57:50.225] [main/INFO] [net.neoforged.fml.loading.ImmediateWindowHandler/]: Loading ImmediateWindowProvider fmlearlywindow
[08Sep2026 16:57:50.956] [main/INFO] [EARLYDISPLAY/]: Trying GL version 4.6
[08Sep2026 16:57:52.108] [main/INFO] [EARLYDISPLAY/]: Requested GL version 4.6 got version 4.6
[08Sep2026 16:57:52.333] [main/INFO] [mixin/]: SpongePowered MIXIN Subsystem Version=0.8.7 Source=union:/C:/Users/Owner/.gradle/caches/modules-2/files-2.1/net.fabricmc/sponge-mixin/0.15.2+mixin.0.8.7/2af2f021d8e02a0220dc27a7a72b4666d66d44ca/sponge-mixin-0.15.2+mixin.0.8.7.jar%23138!/ Service=ModLauncher Env=CLIENT
[08Sep2026 16:57:52.535] [pool-2-thread-1/INFO] [EARLYDISPLAY/]: GL info: AMD Radeon(TM) Graphics GL version 4.6.14830 Core Profile Forward-Compatible Context 21.10.20.04 27.20.21020.4003, ATI Technologies Inc.
[08Sep2026 16:57:53.140] [main/INFO] [net.neoforged.fml.loading.moddiscovery.locators.JarInJarDependencyLocator/]: Found 2 dependencies adding them to mods collection
[08Sep2026 16:57:53.143] [main/INFO] [net.neoforged.fml.loading.moddiscovery.ModDiscoverer/]: 
     Mod List:
		Name Version (Mod Id)

		Crystallography 1.0.0 (crystallography)
		Minecraft 1.21.1 (minecraft)
		NeoForge 21.1.249 (neoforge)
[08Sep2026 16:57:54.598] [main/INFO] [cpw.mods.modlauncher.LaunchServiceHandler/MODLAUNCHER]: Launching target 'forgeclientdev' with arguments [--version, 21.1.249, --gameDir, ., --assetsDir, C:\Users\Owner\.gradle\caches\neoformruntime\assets, --assetIndex, 17]
[08Sep2026 16:57:58.949] [pool-7-thread-1/INFO] [MixinExtras|Service/]: Initializing MixinExtras via com.llamalad7.mixinextras.service.MixinExtrasServiceImpl(version=0.5.3).
[08Sep2026 16:57:59.690] [Datafixer Bootstrap/INFO] [com.mojang.datafixers.DataFixerBuilder/]: 229 Datafixer optimizations took 1761 milliseconds
[08Sep2026 16:58:09.034] [main/WARN] [net.minecraft.commands.Commands/]: Ambiguity between arguments [teleport, location] and [teleport, destination] with inputs: [0.1 -0.5 .9, 0 0 0]
[08Sep2026 16:58:09.037] [main/WARN] [net.minecraft.commands.Commands/]: Ambiguity between arguments [teleport, location] and [teleport, targets] with inputs: [0.1 -0.5 .9, 0 0 0]
[08Sep2026 16:58:09.041] [main/WARN] [net.minecraft.commands.Commands/]: Ambiguity between arguments [teleport, destination] and [teleport, targets] with inputs: [Player, 0123, @e, dd12be42-52a9-4a91-a8a1-11c01849e498]
[08Sep2026 16:58:09.044] [main/WARN] [net.minecraft.commands.Commands/]: Ambiguity between arguments [teleport, targets] and [teleport, destination] with inputs: [Player, 0123, dd12be42-52a9-4a91-a8a1-11c01849e498]
[08Sep2026 16:58:09.046] [main/WARN] [net.minecraft.commands.Commands/]: Ambiguity between arguments [teleport, targets, location] and [teleport, targets, destination] with inputs: [0.1 -0.5 .9, 0 0 0]
[08Sep2026 16:58:09.295] [Render thread/WARN] [net.minecraft.server.packs.VanillaPackResourcesBuilder/]: Assets URL 'union:/C:/Users/Owner/Downloads/crystallography-template-1.21.1/build/moddev/artifacts/neoforge-21.1.249.jar%23189!/assets/.mcassetsroot' uses unexpected schema
[08Sep2026 16:58:09.296] [Render thread/WARN] [net.minecraft.server.packs.VanillaPackResourcesBuilder/]: Assets URL 'union:/C:/Users/Owner/Downloads/crystallography-template-1.21.1/build/moddev/artifacts/neoforge-21.1.249.jar%23189!/data/.mcassetsroot' uses unexpected schema
[08Sep2026 16:58:09.435] [Render thread/INFO] [com.mojang.authlib.yggdrasil.YggdrasilAuthenticationService/]: Environment: Environment[sessionHost=https://sessionserver.mojang.com, servicesHost=https://api.minecraftservices.com, name=PROD]
[08Sep2026 16:58:09.449] [Render thread/INFO] [net.minecraft.client.Minecraft/]: Setting user: Dev
[08Sep2026 16:58:09.564] [Render thread/INFO] [net.minecraft.client.Minecraft/]: Backend library: LWJGL version 3.3.3+5
[08Sep2026 16:58:10.050] [modloading-worker-0/INFO] [net.neoforged.neoforge.common.NeoForgeMod/NEOFORGE-MOD]: NeoForge mod loading, version 21.1.249, for MC 1.21.1
[08Sep2026 16:58:11.724] [Render thread/INFO] [net.neoforged.neoforge.gametest.GameTestHooks/]: Enabled Gametest Namespaces: [crystallography]
[08Sep2026 16:58:11.958] [Render thread/INFO] [net.minecraft.server.packs.resources.ReloadableResourceManager/]: Reloading ResourceManager: vanilla, mod_resources, mod/crystallography, mod/neoforge
[08Sep2026 16:58:11.975] [Worker-Main-1/INFO] [com.fionaapple.crystallography.Crystallography/]: HELLO FROM COMMON SETUP
[08Sep2026 16:58:11.976] [Worker-Main-1/INFO] [com.fionaapple.crystallography.Crystallography/]: DIRT BLOCK >> minecraft:dirt
[08Sep2026 16:58:11.976] [Worker-Main-1/INFO] [com.fionaapple.crystallography.Crystallography/]: The magic number is... 42
[08Sep2026 16:58:11.977] [Worker-Main-1/INFO] [com.fionaapple.crystallography.Crystallography/]: ITEM >> minecraft:iron_ingot
[08Sep2026 16:58:12.273] [Worker-Main-3/INFO] [net.minecraft.client.gui.font.providers.UnihexProvider/]: Found unifont_all_no_pua-15.1.05.hex, loading
[08Sep2026 16:58:12.771] [Worker-Main-3/INFO] [net.minecraft.client.gui.font.providers.UnihexProvider/]: Found unifont_jp_patch-15.1.05.hex, loading
[08Sep2026 16:58:12.951] [Worker-Main-1/INFO] [com.fionaapple.crystallography.Crystallography/]: HELLO FROM CLIENT SETUP
[08Sep2026 16:58:12.951] [Worker-Main-1/INFO] [com.fionaapple.crystallography.Crystallography/]: MINECRAFT NAME >> Dev
[08Sep2026 16:58:13.727] [Worker-Main-5/WARN] [net.minecraft.client.resources.model.BlockStateModelLoader/]: Exception loading blockstate definition: 'crystallography:blockstates/example_block.json' missing model for variant: 'crystallography:example_block#'
[08Sep2026 16:58:13.732] [Worker-Main-5/WARN] [net.minecraft.client.resources.model.ModelBakery/]: Unable to load model: 'crystallography:item/example_item' referenced from: crystallography:item/example_item: java.io.FileNotFoundException: crystallography:models/item/example_item.json
[08Sep2026 16:58:13.733] [Worker-Main-5/WARN] [net.minecraft.client.resources.model.ModelBakery/]: Unable to load model: 'crystallography:item/example_block' referenced from: crystallography:item/example_block: java.io.FileNotFoundException: crystallography:models/item/example_block.json
[08Sep2026 16:58:15.209] [Render thread/WARN] [net.minecraft.client.sounds.SoundEngine/]: Missing sound for event: minecraft:item.goat_horn.play
[08Sep2026 16:58:15.209] [Render thread/WARN] [net.minecraft.client.sounds.SoundEngine/]: Missing sound for event: minecraft:entity.goat.screaming.horn_break
[08Sep2026 16:58:17.902] [Render thread/INFO] [com.mojang.blaze3d.audio.Library/]: OpenAL initialized on device OpenAL Soft on Speaker (Realtek(R) Audio)
[08Sep2026 16:58:17.903] [Render thread/INFO] [net.minecraft.client.sounds.SoundEngine/SOUNDS]: Sound engine started
[08Sep2026 16:58:18.069] [Render thread/INFO] [net.minecraft.client.renderer.texture.TextureAtlas/]: Created: 1024x512x4 minecraft:textures/atlas/blocks.png-atlas
[08Sep2026 16:58:18.183] [Render thread/INFO] [net.minecraft.client.renderer.texture.TextureAtlas/]: Created: 256x256x4 minecraft:textures/atlas/signs.png-atlas
[08Sep2026 16:58:18.186] [Render thread/INFO] [net.minecraft.client.renderer.texture.TextureAtlas/]: Created: 512x512x4 minecraft:textures/atlas/shield_patterns.png-atlas
[08Sep2026 16:58:18.190] [Render thread/INFO] [net.minecraft.client.renderer.texture.TextureAtlas/]: Created: 512x512x4 minecraft:textures/atlas/banner_patterns.png-atlas
[08Sep2026 16:58:18.194] [Render thread/INFO] [net.minecraft.client.renderer.texture.TextureAtlas/]: Created: 1024x1024x4 minecraft:textures/atlas/armor_trims.png-atlas
[08Sep2026 16:58:18.227] [Render thread/INFO] [net.minecraft.client.renderer.texture.TextureAtlas/]: Created: 128x64x4 minecraft:textures/atlas/decorated_pot.png-atlas
[08Sep2026 16:58:18.229] [Render thread/INFO] [net.minecraft.client.renderer.texture.TextureAtlas/]: Created: 256x256x4 minecraft:textures/atlas/chest.png-atlas
[08Sep2026 16:58:18.232] [Render thread/INFO] [net.minecraft.client.renderer.texture.TextureAtlas/]: Created: 512x256x4 minecraft:textures/atlas/shulker_boxes.png-atlas
[08Sep2026 16:58:18.234] [Render thread/INFO] [net.minecraft.client.renderer.texture.TextureAtlas/]: Created: 512x256x4 minecraft:textures/atlas/beds.png-atlas
[08Sep2026 16:58:18.658] [Render thread/INFO] [net.minecraft.client.renderer.texture.TextureAtlas/]: Created: 512x256x0 minecraft:textures/atlas/particles.png-atlas
[08Sep2026 16:58:18.663] [Render thread/INFO] [net.minecraft.client.renderer.texture.TextureAtlas/]: Created: 512x256x0 minecraft:textures/atlas/paintings.png-atlas
[08Sep2026 16:58:18.664] [Render thread/INFO] [net.minecraft.client.renderer.texture.TextureAtlas/]: Created: 256x128x0 minecraft:textures/atlas/mob_effects.png-atlas
[08Sep2026 16:58:18.667] [Render thread/INFO] [net.minecraft.client.renderer.texture.TextureAtlas/]: Created: 64x64x0 minecraft:textures/atlas/map_decorations.png-atlas
[08Sep2026 16:58:18.668] [Render thread/INFO] [net.minecraft.client.renderer.texture.TextureAtlas/]: Created: 1024x512x0 minecraft:textures/atlas/gui.png-atlas
[08Sep2026 16:58:18.713] [Render thread/WARN] [net.minecraft.client.renderer.ShaderInstance/]: Shader rendertype_entity_translucent_emissive could not find sampler named Sampler2 in the specified shader program.
[08Sep2026 16:58:18.825] [Render thread/INFO] [net.neoforged.neoforge.client.entity.animation.json.AnimationLoader/]: Loaded 0 entity animations
[08Sep2026 16:58:48.334] [Render thread/INFO] [net.minecraft.client.Minecraft/]: Stopping!
